../Core/Src/main.c:123:5:main	18
../Core/Src/main.c:295:6:SystemClock_Config	3
../Core/Src/main.c:339:5:uart2_write	2
../Core/Src/main.c:345:5:__io_putchar	1
../Core/Src/main.c:350:5:_read	6
../Core/Src/main.c:366:6:forwardAct	3
../Core/Src/main.c:379:6:backwardAct	3
../Core/Src/main.c:392:6:actStop	1
../Core/Src/main.c:402:6:stopAllRoboClaw	1
../Core/Src/main.c:410:6:processCommand	24
../Core/Src/main.c:494:6:HAL_TIM_PeriodElapsedCallback	3
../Core/Src/main.c:507:6:parseROSCommand	6
../Core/Src/main.c:552:6:sendROSFeedback	1
../Core/Src/main.c:574:6:Error_Handler	1
