../Core/Src/RoboClaw.c:41:13:crc_clear	16	static
../Core/Src/RoboClaw.c:46:13:crc_update	24	static
../Core/Src/RoboClaw.c:58:17:crc_get	16	static
../Core/Src/RoboClaw.c:66:13:write_byte	16	static
../Core/Src/RoboClaw.c:71:16:read_byte	24	static
../Core/Src/RoboClaw.c:81:13:flush	24	static
../Core/Src/RoboClaw.c:91:13:write_n	36	static
../Core/Src/RoboClaw.c:126:13:read_n	44	static
../Core/Src/RoboClaw.c:205:16:Read1	32	static
../Core/Src/RoboClaw.c:252:17:Read2	32	static
../Core/Src/RoboClaw.c:306:17:Read4	40	static
../Core/Src/RoboClaw.c:374:17:Read4_1	40	static
../Core/Src/RoboClaw.c:453:6:RoboClaw_Init	24	static
../Core/Src/RoboClaw.c:464:6:RoboClaw_ForwardM1	24	static
../Core/Src/RoboClaw.c:469:6:RoboClaw_BackwardM1	24	static
../Core/Src/RoboClaw.c:474:6:RoboClaw_ForwardM2	24	static
../Core/Src/RoboClaw.c:479:6:RoboClaw_BackwardM2	24	static
../Core/Src/RoboClaw.c:484:6:RoboClaw_ForwardBackwardM1	24	static
../Core/Src/RoboClaw.c:489:6:RoboClaw_ForwardBackwardM2	24	static
../Core/Src/RoboClaw.c:497:6:RoboClaw_ForwardMixed	24	static
../Core/Src/RoboClaw.c:502:6:RoboClaw_BackwardMixed	24	static
../Core/Src/RoboClaw.c:507:6:RoboClaw_TurnRightMixed	24	static
../Core/Src/RoboClaw.c:512:6:RoboClaw_TurnLeftMixed	24	static
../Core/Src/RoboClaw.c:517:6:RoboClaw_ForwardBackwardMixed	24	static
../Core/Src/RoboClaw.c:522:6:RoboClaw_LeftRightMixed	24	static
../Core/Src/RoboClaw.c:530:10:RoboClaw_ReadEncM1	32	static
../Core/Src/RoboClaw.c:535:10:RoboClaw_ReadEncM2	32	static
../Core/Src/RoboClaw.c:540:6:RoboClaw_SetEncM1	48	static
../Core/Src/RoboClaw.c:545:6:RoboClaw_SetEncM2	48	static
../Core/Src/RoboClaw.c:550:6:RoboClaw_ResetEncoders	16	static
../Core/Src/RoboClaw.c:555:6:RoboClaw_ReadEncoders	32	static
../Core/Src/RoboClaw.c:563:10:RoboClaw_ReadSpeedM1	32	static
../Core/Src/RoboClaw.c:568:10:RoboClaw_ReadSpeedM2	32	static
../Core/Src/RoboClaw.c:573:10:RoboClaw_ReadISpeedM1	32	static
../Core/Src/RoboClaw.c:578:10:RoboClaw_ReadISpeedM2	32	static
../Core/Src/RoboClaw.c:583:6:RoboClaw_ReadISpeeds	32	static
../Core/Src/RoboClaw.c:591:6:RoboClaw_DutyM1	24	static
../Core/Src/RoboClaw.c:596:6:RoboClaw_DutyM2	24	static
../Core/Src/RoboClaw.c:601:6:RoboClaw_DutyM1M2	48	static
../Core/Src/RoboClaw.c:606:6:RoboClaw_DutyAccelM1	64	static
../Core/Src/RoboClaw.c:611:6:RoboClaw_DutyAccelM2	64	static
../Core/Src/RoboClaw.c:616:6:RoboClaw_DutyAccelM1M2	104	static
../Core/Src/RoboClaw.c:624:6:RoboClaw_SpeedM1	48	static
../Core/Src/RoboClaw.c:629:6:RoboClaw_SpeedM2	48	static
../Core/Src/RoboClaw.c:634:6:RoboClaw_SpeedM1M2	80	static
../Core/Src/RoboClaw.c:639:6:RoboClaw_SpeedAccelM1	80	static
../Core/Src/RoboClaw.c:644:6:RoboClaw_SpeedAccelM2	80	static
../Core/Src/RoboClaw.c:649:6:RoboClaw_SpeedAccelM1M2	112	static
../Core/Src/RoboClaw.c:654:6:RoboClaw_SpeedAccelM1M2_2	144	static
../Core/Src/RoboClaw.c:662:6:RoboClaw_SpeedDistanceM1	96	static
../Core/Src/RoboClaw.c:667:6:RoboClaw_SpeedDistanceM2	96	static
../Core/Src/RoboClaw.c:672:6:RoboClaw_SpeedDistanceM1M2	160	static
../Core/Src/RoboClaw.c:677:6:RoboClaw_SpeedAccelDistanceM1	128	static
../Core/Src/RoboClaw.c:682:6:RoboClaw_SpeedAccelDistanceM2	128	static
../Core/Src/RoboClaw.c:687:6:RoboClaw_SpeedAccelDistanceM1M2	192	static
../Core/Src/RoboClaw.c:692:6:RoboClaw_SpeedAccelDistanceM1M2_2	216	static
../Core/Src/RoboClaw.c:700:6:RoboClaw_SpeedAccelDeccelPositionM1	160	static
../Core/Src/RoboClaw.c:705:6:RoboClaw_SpeedAccelDeccelPositionM2	160	static
../Core/Src/RoboClaw.c:710:6:RoboClaw_SpeedAccelDeccelPositionM1M2	280	static
../Core/Src/RoboClaw.c:718:6:RoboClaw_SetM1VelocityPID	168	static
../Core/Src/RoboClaw.c:726:6:RoboClaw_SetM2VelocityPID	168	static
../Core/Src/RoboClaw.c:734:6:RoboClaw_ReadM1VelocityPID	56	static
../Core/Src/RoboClaw.c:744:6:RoboClaw_ReadM2VelocityPID	56	static
../Core/Src/RoboClaw.c:757:6:RoboClaw_SetM1PositionPID	264	static
../Core/Src/RoboClaw.c:765:6:RoboClaw_SetM2PositionPID	264	static
../Core/Src/RoboClaw.c:773:6:RoboClaw_ReadM1PositionPID	72	static
../Core/Src/RoboClaw.c:783:6:RoboClaw_ReadM2PositionPID	72	static
../Core/Src/RoboClaw.c:796:6:RoboClaw_SetMinVoltageMainBattery	24	static
../Core/Src/RoboClaw.c:801:6:RoboClaw_SetMaxVoltageMainBattery	24	static
../Core/Src/RoboClaw.c:806:6:RoboClaw_SetMinVoltageLogicBattery	24	static
../Core/Src/RoboClaw.c:811:6:RoboClaw_SetMaxVoltageLogicBattery	24	static
../Core/Src/RoboClaw.c:816:6:RoboClaw_SetMainVoltages	48	static
../Core/Src/RoboClaw.c:821:6:RoboClaw_SetLogicVoltages	48	static
../Core/Src/RoboClaw.c:829:10:RoboClaw_ReadMainBatteryVoltage	24	static
../Core/Src/RoboClaw.c:834:10:RoboClaw_ReadLogicBatteryVoltage	24	static
../Core/Src/RoboClaw.c:839:6:RoboClaw_ReadMinMaxMainVoltages	32	static
../Core/Src/RoboClaw.c:851:6:RoboClaw_ReadMinMaxLogicVoltages	32	static
../Core/Src/RoboClaw.c:866:6:RoboClaw_ReadCurrents	32	static
../Core/Src/RoboClaw.c:878:6:RoboClaw_ReadPWMs	32	static
../Core/Src/RoboClaw.c:893:6:RoboClaw_ReadTemp	32	static
../Core/Src/RoboClaw.c:900:6:RoboClaw_ReadTemp2	32	static
../Core/Src/RoboClaw.c:910:10:RoboClaw_ReadError	24	static
../Core/Src/RoboClaw.c:915:6:RoboClaw_ReadBuffers	32	static
../Core/Src/RoboClaw.c:927:6:RoboClaw_ReadVersion	32	static
../Core/Src/RoboClaw.c:979:6:RoboClaw_ReadEncoderModes	32	static
../Core/Src/RoboClaw.c:991:6:RoboClaw_SetM1EncoderMode	24	static
../Core/Src/RoboClaw.c:996:6:RoboClaw_SetM2EncoderMode	24	static
../Core/Src/RoboClaw.c:1004:6:RoboClaw_SetM1DefaultAccel	48	static
../Core/Src/RoboClaw.c:1009:6:RoboClaw_SetM2DefaultAccel	48	static
../Core/Src/RoboClaw.c:1014:6:RoboClaw_SetPinFunctions	32	static
../Core/Src/RoboClaw.c:1019:6:RoboClaw_GetPinFunctions	40	static
../Core/Src/RoboClaw.c:1078:6:RoboClaw_SetDeadBand	24	static
../Core/Src/RoboClaw.c:1083:6:RoboClaw_GetDeadBand	32	static
../Core/Src/RoboClaw.c:1098:6:RoboClaw_SetM1MaxCurrent	64	static
../Core/Src/RoboClaw.c:1103:6:RoboClaw_SetM2MaxCurrent	64	static
../Core/Src/RoboClaw.c:1108:6:RoboClaw_ReadM1MaxCurrent	48	static
../Core/Src/RoboClaw.c:1117:6:RoboClaw_ReadM2MaxCurrent	48	static
../Core/Src/RoboClaw.c:1129:6:RoboClaw_SetPWMMode	24	static
../Core/Src/RoboClaw.c:1134:6:RoboClaw_GetPWMMode	32	static
../Core/Src/RoboClaw.c:1148:6:RoboClaw_WriteNVM	32	static
../Core/Src/RoboClaw.c:1153:6:RoboClaw_ReadNVM	16	static
../Core/Src/RoboClaw.c:1158:6:RoboClaw_RestoreDefaults	16	static
../Core/Src/RoboClaw.c:1166:6:RoboClaw_SetConfig	24	static
../Core/Src/RoboClaw.c:1171:6:RoboClaw_GetConfig	32	static
