[0.019s] Invoking command in '/home/stc/arm_ws/build/my_package': CMAKE_PREFIX_PATH=/opt/ros/humble /usr/bin/cmake /home/stc/arm_ws/src/my_package -DAMENT_CMAKE_SYMLINK_INSTALL=1 -DCMAKE_INSTALL_PREFIX=/home/stc/arm_ws/install/my_package
[0.237s] -- The C compiler identification is GNU 11.4.0
[0.736s] -- The CXX compiler identification is GNU 11.4.0
[1.042s] -- Detecting C compiler ABI info
[1.155s] -- Detecting C compiler ABI info - done
[1.159s] -- Check for working C compiler: /usr/bin/cc - skipped
[1.161s] -- Detecting C compile features
[1.162s] -- Detecting C compile features - done
[1.165s] -- Detecting CXX compiler ABI info
[1.285s] -- Detecting CXX compiler ABI info - done
[1.290s] -- Check for working CXX compiler: /usr/bin/c++ - skipped
[1.290s] -- Detecting CXX compile features
[1.290s] -- Detecting CXX compile features - done
[1.297s] -- Found ament_cmake: 1.3.12 (/opt/ros/humble/share/ament_cmake/cmake)
[1.404s] -- Found Python3: /usr/bin/python3 (found version "3.10.12") found components: Interpreter 
[1.464s] -- Override CMake install command with custom implementation using symlinks instead of copying resources
[1.492s] -- Found ament_lint_auto: 0.12.14 (/opt/ros/humble/share/ament_lint_auto/cmake)
[1.574s] -- Added test 'cppcheck' to perform static code analysis on C / C++ code
[1.574s] -- Configured cppcheck include dirs: $<BUILD_INTERFACE:/home/stc/arm_ws/src/my_package/include>
[1.574s] -- Configured cppcheck exclude dirs and/or files: 
[1.575s] -- Added test 'lint_cmake' to check CMake code style
[1.576s] -- Added test 'uncrustify' to check C / C++ code style
[1.576s] -- Configured uncrustify additional arguments: 
[1.577s] -- Added test 'xmllint' to check XML markup files
[1.578s] -- Configuring done
[1.583s] -- Generating done
[1.584s] -- Build files have been written to: /home/stc/arm_ws/build/my_package
[1.587s] Invoked command in '/home/stc/arm_ws/build/my_package' returned '0': CMAKE_PREFIX_PATH=/opt/ros/humble /usr/bin/cmake /home/stc/arm_ws/src/my_package -DAMENT_CMAKE_SYMLINK_INSTALL=1 -DCMAKE_INSTALL_PREFIX=/home/stc/arm_ws/install/my_package
[1.589s] Invoking command in '/home/stc/arm_ws/build/my_package': CMAKE_PREFIX_PATH=/opt/ros/humble /usr/bin/cmake --build /home/stc/arm_ws/build/my_package -- -j12 -l12
[1.618s] [ 50%] [32mBuilding CXX object CMakeFiles/my_node.dir/src/my_node.cpp.o[0m
[1.651s] [100%] [32m[1mLinking CXX executable my_node[0m
[1.749s] [100%] Built target my_node
[1.756s] Invoked command in '/home/stc/arm_ws/build/my_package' returned '0': CMAKE_PREFIX_PATH=/opt/ros/humble /usr/bin/cmake --build /home/stc/arm_ws/build/my_package -- -j12 -l12
[1.764s] Invoking command in '/home/stc/arm_ws/build/my_package': CMAKE_PREFIX_PATH=/opt/ros/humble /usr/bin/cmake --install /home/stc/arm_ws/build/my_package
[1.768s] -- Install configuration: ""
[1.768s] -- Execute custom install script
[1.769s] -- Symlinking: /home/stc/arm_ws/install/my_package/lib/my_package/my_node
[1.776s] -- Symlinking: /home/stc/arm_ws/install/my_package/share/ament_index/resource_index/package_run_dependencies/my_package
[1.782s] -- Symlinking: /home/stc/arm_ws/install/my_package/share/ament_index/resource_index/parent_prefix_path/my_package
[1.790s] -- Symlinking: /home/stc/arm_ws/install/my_package/share/my_package/environment/ament_prefix_path.sh
[1.796s] -- Symlinking: /home/stc/arm_ws/install/my_package/share/my_package/environment/ament_prefix_path.dsv
[1.801s] -- Symlinking: /home/stc/arm_ws/install/my_package/share/my_package/environment/path.sh
[1.807s] -- Symlinking: /home/stc/arm_ws/install/my_package/share/my_package/environment/path.dsv
[1.814s] -- Symlinking: /home/stc/arm_ws/install/my_package/share/my_package/local_setup.bash
[1.822s] -- Symlinking: /home/stc/arm_ws/install/my_package/share/my_package/local_setup.sh
[1.829s] -- Symlinking: /home/stc/arm_ws/install/my_package/share/my_package/local_setup.zsh
[1.835s] -- Symlinking: /home/stc/arm_ws/install/my_package/share/my_package/local_setup.dsv
[1.841s] -- Symlinking: /home/stc/arm_ws/install/my_package/share/my_package/package.dsv
[1.848s] -- Symlinking: /home/stc/arm_ws/install/my_package/share/ament_index/resource_index/packages/my_package
[1.853s] -- Symlinking: /home/stc/arm_ws/install/my_package/share/my_package/cmake/my_packageConfig.cmake
[1.859s] -- Symlinking: /home/stc/arm_ws/install/my_package/share/my_package/cmake/my_packageConfig-version.cmake
[1.865s] -- Symlinking: /home/stc/arm_ws/install/my_package/share/my_package/package.xml
[1.872s] Invoked command in '/home/stc/arm_ws/build/my_package' returned '0': CMAKE_PREFIX_PATH=/opt/ros/humble /usr/bin/cmake --install /home/stc/arm_ws/build/my_package
