[0.007s] Invoking command in '/home/stc/arm_ws/build/my_package': /usr/bin/cmake --build /home/stc/arm_ws/build/my_package -- -j12 -l12
[0.035s] -- Found ament_cmake: 1.3.12 (/opt/ros/humble/share/ament_cmake/cmake)
[0.151s] -- Override CMake install command with custom implementation using symlinks instead of copying resources
[0.171s] -- Found rclpy: 3.3.19 (/opt/ros/humble/share/rclpy/cmake)
[0.172s] -- Found sensor_msgs: 4.9.0 (/opt/ros/humble/share/sensor_msgs/cmake)
[0.312s] -- Found rosidl_generator_c: 3.1.8 (/opt/ros/humble/share/rosidl_generator_c/cmake)
[0.316s] -- Found rosidl_adapter: 3.1.8 (/opt/ros/humble/share/rosidl_adapter/cmake)
[0.324s] -- Found rosidl_generator_cpp: 3.1.8 (/opt/ros/humble/share/rosidl_generator_cpp/cmake)
[0.338s] -- Using all available rosidl_typesupport_c: rosidl_typesupport_fastrtps_c;rosidl_typesupport_introspection_c
[0.353s] -- Using all available rosidl_typesupport_cpp: rosidl_typesupport_fastrtps_cpp;rosidl_typesupport_introspection_cpp
[0.410s] -- Found gazebo_ros: 3.9.0 (/opt/ros/humble/share/gazebo_ros/cmake)
[0.492s] -- Found rmw_implementation_cmake: 6.1.2 (/opt/ros/humble/share/rmw_implementation_cmake/cmake)
[0.495s] -- Found rmw_fastrtps_cpp: 6.2.9 (/opt/ros/humble/share/rmw_fastrtps_cpp/cmake)
[1.465s] -- Found OpenSSL: /usr/lib/x86_64-linux-gnu/libcrypto.so (found version "3.0.2")  
[2.505s] -- Found FastRTPS: /opt/ros/humble/include  
[4.243s] -- Using RMW implementation 'rmw_fastrtps_cpp' as default
[4.255s] -- Looking for pthread.h
[4.417s] -- Looking for pthread.h - found
[4.417s] -- Performing Test CMAKE_HAVE_LIBC_PTHREAD
[4.548s] -- Performing Test CMAKE_HAVE_LIBC_PTHREAD - Success
[4.549s] -- Found Threads: TRUE  
[4.598s] -- Found PkgConfig: /usr/bin/pkg-config (found version "0.29.2") 
[4.599s] -- Checking for module 'bullet>=2.82'
[4.607s] --   Found bullet, version 3.05
[4.705s] -- Found fcl: /usr/include (found suitable version "0.7.0", minimum required is "0.5.0") 
[4.735s] -- Found assimp: /usr/include (found version "5.2.0") 
[4.749s] -- Found DART: /usr/include (Required is at least version "6.6") found components: dart 
[4.764s] -- Found Boost: /usr/lib/x86_64-linux-gnu/cmake/Boost-1.74.0/BoostConfig.cmake (found suitable version "1.74.0", minimum required is "1.40.0") found components: thread system filesystem program_options regex iostreams date_time 
[5.033s] -- Found Protobuf: /usr/lib/x86_64-linux-gnu/libprotobuf.so (found version "3.12.4") 
[5.036s] -- Looking for ignition-math6 -- found version 6.15.1
[5.044s] -- Searching for dependencies of ignition-math6
[5.045s] -- Looking for OGRE...
[5.045s] -- OGRE_PREFIX_WATCH changed.
[5.049s] -- Checking for module 'OGRE'
[5.057s] --   Found OGRE, version 1.9.0
[5.077s] -- Found Ogre Ghadamon (1.9.0)
[5.357s] -- Found OGRE: optimized;/usr/lib/x86_64-linux-gnu/libOgreMain.so;debug;/usr/lib/x86_64-linux-gnu/libOgreMain.so
[5.364s] -- Looking for OGRE_Paging...
[5.641s] -- Found OGRE_Paging: optimized;/usr/lib/x86_64-linux-gnu/libOgrePaging.so;debug;/usr/lib/x86_64-linux-gnu/libOgrePaging.so
[5.641s] -- Looking for OGRE_Terrain...
[5.895s] -- Found OGRE_Terrain: optimized;/usr/lib/x86_64-linux-gnu/libOgreTerrain.so;debug;/usr/lib/x86_64-linux-gnu/libOgreTerrain.so
[5.895s] -- Looking for OGRE_Property...
[6.151s] -- Found OGRE_Property: optimized;/usr/lib/x86_64-linux-gnu/libOgreProperty.so;debug;/usr/lib/x86_64-linux-gnu/libOgreProperty.so
[6.151s] -- Looking for OGRE_RTShaderSystem...
[6.440s] -- Found OGRE_RTShaderSystem: optimized;/usr/lib/x86_64-linux-gnu/libOgreRTShaderSystem.so;debug;/usr/lib/x86_64-linux-gnu/libOgreRTShaderSystem.so
[6.440s] -- Looking for OGRE_Volume...
[6.703s] -- Found OGRE_Volume: optimized;/usr/lib/x86_64-linux-gnu/libOgreVolume.so;debug;/usr/lib/x86_64-linux-gnu/libOgreVolume.so
[6.703s] -- Looking for OGRE_Overlay...
[6.990s] -- Found OGRE_Overlay: optimized;/usr/lib/x86_64-linux-gnu/libOgreOverlay.so;debug;/usr/lib/x86_64-linux-gnu/libOgreOverlay.so
[24.424s] -- Looking for ignition-math6 -- found version 6.15.1
[24.426s] -- Looking for ignition-transport8 -- found version 8.2.1
[24.426s] -- Searching for dependencies of ignition-transport8
[25.309s] -- Found Protobuf: /usr/lib/x86_64-linux-gnu/libprotobuf.so (found suitable version "3.12.4", minimum required is "3") 
[26.164s] -- Config-file not installed for ZeroMQ -- checking for pkg-config
[26.168s] -- Checking for module 'libzmq >= 4'
[26.175s] --   Found libzmq , version 4.3.4
[26.196s] -- Found ZeroMQ: TRUE (Required is at least version "4") 
[26.231s] -- Checking for module 'uuid'
[26.241s] --   Found uuid, version 2.37.2
[26.261s] -- Found UUID: TRUE  
[26.262s] -- Looking for ignition-msgs5 -- found version 5.8.1
[26.262s] -- Searching for dependencies of ignition-msgs5
[27.098s] -- Looking for ignition-math6 -- found version 6.15.1
[27.102s] -- Checking for module 'tinyxml2'
[27.113s] --   Found tinyxml2, version 9.0.0
[27.133s] -- Looking for ignition-msgs5 -- found version 5.8.1
[27.135s] -- Looking for ignition-common3 -- found version 3.14.0
[27.135s] -- Searching for dependencies of ignition-common3
[27.162s] -- Looking for dlfcn.h - found
[27.187s] -- Looking for libdl - found
[27.188s] -- Found DL: TRUE  
[27.261s] -- Found tinyobjloader: /usr/lib/x86_64-linux-gnu/cmake/tinyobjloader/tinyobjloader-config.cmake (found version "2.0.0") 
[27.261s] -- Searching for <ignition-common3> component [graphics]
[27.262s] -- Looking for ignition-common3-graphics -- found version 3.14.0
[27.262s] -- Searching for dependencies of ignition-common3-graphics
[27.263s] -- Looking for ignition-math6 -- found version 6.15.1
[27.264s] -- Looking for ignition-fuel_tools4 -- found version 4.4.0
[27.265s] -- Searching for dependencies of ignition-fuel_tools4
[28.333s] -- Found CURL: /usr/lib/x86_64-linux-gnu/libcurl.so (found version "7.81.0")  
[28.339s] -- Checking for module 'jsoncpp'
[28.347s] --   Found jsoncpp, version 1.9.5
[28.366s] -- Found JSONCPP: TRUE  
[28.370s] -- Checking for module 'libzip'
[28.377s] --   Found libzip, version 1.7.3
[28.397s] -- Found ZIP: TRUE  
[28.397s] -- Looking for ignition-common3 -- found version 3.14.0
[28.397s] -- Looking for ignition-math6 -- found version 6.15.1
[28.398s] -- Looking for ignition-msgs5 -- found version 5.8.1
[28.400s] -- Gazebo version: 11.10
[28.401s] -- Checking for module 'tbb'
[28.409s] --   Found tbb, version 2021.5.0
[28.436s] -- Found xacro: 2.1.1 (/opt/ros/humble/share/xacro/cmake)
[28.438s] -- Found ament_lint_auto: 0.12.14 (/opt/ros/humble/share/ament_lint_auto/cmake)
[28.475s] Error parsing '/home/stc/arm_ws/src/my_package/package.xml':
[28.508s] Traceback (most recent call last):
[28.508s]   File "/opt/ros/humble/share/ament_cmake_core/cmake/core/package_xml_2_cmake.py", line 150, in <module>
[28.508s]     main()
[28.508s]   File "/opt/ros/humble/share/ament_cmake_core/cmake/core/package_xml_2_cmake.py", line 53, in main
[28.508s]     raise e
[28.508s]   File "/opt/ros/humble/share/ament_cmake_core/cmake/core/package_xml_2_cmake.py", line 49, in main
[28.508s]     package = parse_package_string(
[28.508s]   File "/usr/lib/python3/dist-packages/catkin_pkg/package.py", line 786, in parse_package_string
[28.511s]     raise InvalidPackage('Error(s):%s' % (''.join(['\n- %s' % e for e in errors])), filename)
[28.511s] catkin_pkg.package.InvalidPackage: Error(s) in package '/home/stc/arm_ws/src/my_package/package.xml':
[28.511s] Error(s):
[28.511s] - The generic dependency on 'xacro' is redundant with: exec_depend
[28.522s] [31mCMake Error at /opt/ros/humble/share/ament_cmake_core/cmake/core/ament_package_xml.cmake:95 (message):
[28.522s]   execute_process(/usr/bin/python3
[28.522s]   /opt/ros/humble/share/ament_cmake_core/cmake/core/package_xml_2_cmake.py
[28.522s]   /home/stc/arm_ws/src/my_package/package.xml
[28.523s]   /home/stc/arm_ws/build/my_package/ament_cmake_core/package.cmake) returned
[28.523s]   error code 1
[28.523s] Call Stack (most recent call first):
[28.523s]   /opt/ros/humble/share/ament_cmake_core/cmake/core/ament_package_xml.cmake:49 (_ament_package_xml)
[28.523s]   /opt/ros/humble/share/ament_lint_auto/cmake/ament_lint_auto_find_test_dependencies.cmake:31 (ament_package_xml)
[28.523s]   CMakeLists.txt:68 (ament_lint_auto_find_test_dependencies)
[28.523s] 
[28.523s] [0m
[28.523s] -- Configuring incomplete, errors occurred!
[28.523s] See also "/home/stc/arm_ws/build/my_package/CMakeFiles/CMakeOutput.log".
[28.532s] gmake: *** [Makefile:267: cmake_check_build_system] Error 1
[28.534s] Invoked command in '/home/stc/arm_ws/build/my_package' returned '2': /usr/bin/cmake --build /home/stc/arm_ws/build/my_package -- -j12 -l12
