[0.008s] Invoking command in '/home/stc/arm_ws/build/my_package': /usr/bin/cmake --build /home/stc/arm_ws/build/my_package -- -j12 -l12
[0.028s] -- Found ament_cmake: 1.3.12 (/opt/ros/humble/share/ament_cmake/cmake)
[0.106s] -- Override CMake install command with custom implementation using symlinks instead of copying resources
[0.110s] -- Found rclpy: 3.3.19 (/opt/ros/humble/share/rclpy/cmake)
[0.110s] -- Found sensor_msgs: 4.9.0 (/opt/ros/humble/share/sensor_msgs/cmake)
[0.228s] -- Found rosidl_generator_c: 3.1.8 (/opt/ros/humble/share/rosidl_generator_c/cmake)
[0.230s] -- Found rosidl_adapter: 3.1.8 (/opt/ros/humble/share/rosidl_adapter/cmake)
[0.233s] -- Found rosidl_generator_cpp: 3.1.8 (/opt/ros/humble/share/rosidl_generator_cpp/cmake)
[0.240s] -- Using all available rosidl_typesupport_c: rosidl_typesupport_fastrtps_c;rosidl_typesupport_introspection_c
[0.247s] -- Using all available rosidl_typesupport_cpp: rosidl_typesupport_fastrtps_cpp;rosidl_typesupport_introspection_cpp
[0.279s] -- Found gazebo_ros: 3.9.0 (/opt/ros/humble/share/gazebo_ros/cmake)
[0.328s] -- Found rmw_implementation_cmake: 6.1.2 (/opt/ros/humble/share/rmw_implementation_cmake/cmake)
[0.329s] -- Found rmw_fastrtps_cpp: 6.2.9 (/opt/ros/humble/share/rmw_fastrtps_cpp/cmake)
[4.156s] -- Using RMW implementation 'rmw_fastrtps_cpp' as default
[4.195s] -- Found DART: /usr/include (Required is at least version "6.6") found components: dart 
[4.211s] -- Found Protobuf: /usr/lib/x86_64-linux-gnu/libprotobuf.so (found version "3.12.4") 
[4.212s] -- Looking for ignition-math6 -- found version 6.15.1
[4.215s] -- Searching for dependencies of ignition-math6
[4.216s] -- Looking for OGRE...
[4.220s] -- Found Ogre Ghadamon (1.9.0)
[4.220s] -- Found OGRE: optimized;/usr/lib/x86_64-linux-gnu/libOgreMain.so;debug;/usr/lib/x86_64-linux-gnu/libOgreMain.so
[4.228s] -- Looking for OGRE_Paging...
[4.228s] -- Found OGRE_Paging: optimized;/usr/lib/x86_64-linux-gnu/libOgrePaging.so;debug;/usr/lib/x86_64-linux-gnu/libOgrePaging.so
[4.228s] -- Looking for OGRE_Terrain...
[4.228s] -- Found OGRE_Terrain: optimized;/usr/lib/x86_64-linux-gnu/libOgreTerrain.so;debug;/usr/lib/x86_64-linux-gnu/libOgreTerrain.so
[4.228s] -- Looking for OGRE_Property...
[4.228s] -- Found OGRE_Property: optimized;/usr/lib/x86_64-linux-gnu/libOgreProperty.so;debug;/usr/lib/x86_64-linux-gnu/libOgreProperty.so
[4.228s] -- Looking for OGRE_RTShaderSystem...
[4.228s] -- Found OGRE_RTShaderSystem: optimized;/usr/lib/x86_64-linux-gnu/libOgreRTShaderSystem.so;debug;/usr/lib/x86_64-linux-gnu/libOgreRTShaderSystem.so
[4.228s] -- Looking for OGRE_Volume...
[4.228s] -- Found OGRE_Volume: optimized;/usr/lib/x86_64-linux-gnu/libOgreVolume.so;debug;/usr/lib/x86_64-linux-gnu/libOgreVolume.so
[4.228s] -- Looking for OGRE_Overlay...
[4.228s] -- Found OGRE_Overlay: optimized;/usr/lib/x86_64-linux-gnu/libOgreOverlay.so;debug;/usr/lib/x86_64-linux-gnu/libOgreOverlay.so
[20.301s] -- Looking for ignition-math6 -- found version 6.15.1
[20.301s] -- Looking for ignition-transport8 -- found version 8.2.1
[20.301s] -- Searching for dependencies of ignition-transport8
[21.571s] -- Found Protobuf: /usr/lib/x86_64-linux-gnu/libprotobuf.so (found suitable version "3.12.4", minimum required is "3") 
[22.979s] -- Config-file not installed for ZeroMQ -- checking for pkg-config
[22.983s] -- Checking for module 'libzmq >= 4'
[22.991s] --   Found libzmq , version 4.3.4
[23.024s] -- Checking for module 'uuid'
[23.031s] --   Found uuid, version 2.37.2
[23.052s] -- Looking for ignition-msgs5 -- found version 5.8.1
[23.052s] -- Searching for dependencies of ignition-msgs5
[24.175s] -- Looking for ignition-math6 -- found version 6.15.1
[24.179s] -- Checking for module 'tinyxml2'
[24.188s] --   Found tinyxml2, version 9.0.0
[24.211s] -- Looking for ignition-msgs5 -- found version 5.8.1
[24.211s] -- Looking for ignition-common3 -- found version 3.14.0
[24.212s] -- Searching for dependencies of ignition-common3
[24.212s] -- Looking for dlfcn.h - found
[24.212s] -- Looking for libdl - found
[24.302s] -- Searching for <ignition-common3> component [graphics]
[24.302s] -- Looking for ignition-common3-graphics -- found version 3.14.0
[24.302s] -- Searching for dependencies of ignition-common3-graphics
[24.303s] -- Looking for ignition-math6 -- found version 6.15.1
[24.303s] -- Looking for ignition-fuel_tools4 -- found version 4.4.0
[24.303s] -- Searching for dependencies of ignition-fuel_tools4
[25.577s] -- Checking for module 'jsoncpp'
[25.585s] --   Found jsoncpp, version 1.9.5
[25.615s] -- Checking for module 'libzip'
[25.623s] --   Found libzip, version 1.7.3
[25.645s] -- Looking for ignition-common3 -- found version 3.14.0
[25.645s] -- Looking for ignition-math6 -- found version 6.15.1
[25.645s] -- Looking for ignition-msgs5 -- found version 5.8.1
[25.647s] -- Gazebo version: 11.10
[25.648s] -- Found xacro: 2.1.1 (/opt/ros/humble/share/xacro/cmake)
[25.649s] -- Found ament_lint_auto: 0.12.14 (/opt/ros/humble/share/ament_lint_auto/cmake)
[25.688s] Error parsing '/home/stc/arm_ws/src/my_package/package.xml':
[25.726s] Traceback (most recent call last):
[25.726s]   File "/opt/ros/humble/share/ament_cmake_core/cmake/core/package_xml_2_cmake.py", line 150, in <module>
[25.726s]     main()
[25.726s]   File "/opt/ros/humble/share/ament_cmake_core/cmake/core/package_xml_2_cmake.py", line 53, in main
[25.726s]     raise e
[25.726s]   File "/opt/ros/humble/share/ament_cmake_core/cmake/core/package_xml_2_cmake.py", line 49, in main
[25.726s]     package = parse_package_string(
[25.726s]   File "/usr/lib/python3/dist-packages/catkin_pkg/package.py", line 786, in parse_package_string
[25.726s]     raise InvalidPackage('Error(s):%s' % (''.join(['\n- %s' % e for e in errors])), filename)
[25.726s] catkin_pkg.package.InvalidPackage: Error(s) in package '/home/stc/arm_ws/src/my_package/package.xml':
[25.726s] Error(s):
[25.726s] - The generic dependency on 'xacro' is redundant with: exec_depend
[25.737s] [31mCMake Error at /opt/ros/humble/share/ament_cmake_core/cmake/core/ament_package_xml.cmake:95 (message):
[25.738s]   execute_process(/usr/bin/python3
[25.738s]   /opt/ros/humble/share/ament_cmake_core/cmake/core/package_xml_2_cmake.py
[25.738s]   /home/stc/arm_ws/src/my_package/package.xml
[25.738s]   /home/stc/arm_ws/build/my_package/ament_cmake_core/package.cmake) returned
[25.738s]   error code 1
[25.738s] Call Stack (most recent call first):
[25.738s]   /opt/ros/humble/share/ament_cmake_core/cmake/core/ament_package_xml.cmake:49 (_ament_package_xml)
[25.738s]   /opt/ros/humble/share/ament_lint_auto/cmake/ament_lint_auto_find_test_dependencies.cmake:31 (ament_package_xml)
[25.738s]   CMakeLists.txt:68 (ament_lint_auto_find_test_dependencies)
[25.738s] 
[25.738s] [0m
[25.738s] -- Configuring incomplete, errors occurred!
[25.738s] See also "/home/stc/arm_ws/build/my_package/CMakeFiles/CMakeOutput.log".
[25.746s] gmake: *** [Makefile:267: cmake_check_build_system] Error 1
[25.748s] Invoked command in '/home/stc/arm_ws/build/my_package' returned '2': /usr/bin/cmake --build /home/stc/arm_ws/build/my_package -- -j12 -l12
