[0.010s] Invoking command in '/home/stc/arm_ws/build/my_package': CMAKE_PREFIX_PATH=${CMAKE_PREFIX_PATH}:/opt/ros/humble /usr/bin/cmake --build /home/stc/arm_ws/build/my_package -- -j12 -l12
[0.028s] -- Found ament_cmake: 1.3.12 (/opt/ros/humble/share/ament_cmake/cmake)
[0.108s] -- Override CMake install command with custom implementation using symlinks instead of copying resources
[0.113s] -- Found rclpy: 3.3.19 (/opt/ros/humble/share/rclpy/cmake)
[0.113s] -- Found sensor_msgs: 4.9.0 (/opt/ros/humble/share/sensor_msgs/cmake)
[0.247s] -- Found rosidl_generator_c: 3.1.8 (/opt/ros/humble/share/rosidl_generator_c/cmake)
[0.248s] -- Found rosidl_adapter: 3.1.8 (/opt/ros/humble/share/rosidl_adapter/cmake)
[0.253s] -- Found rosidl_generator_cpp: 3.1.8 (/opt/ros/humble/share/rosidl_generator_cpp/cmake)
[0.262s] -- Using all available rosidl_typesupport_c: rosidl_typesupport_fastrtps_c;rosidl_typesupport_introspection_c
[0.270s] -- Using all available rosidl_typesupport_cpp: rosidl_typesupport_fastrtps_cpp;rosidl_typesupport_introspection_cpp
[0.306s] -- Found gazebo_ros: 3.9.0 (/opt/ros/humble/share/gazebo_ros/cmake)
[0.325s] -- Found rmw_implementation_cmake: 6.1.2 (/opt/ros/humble/share/rmw_implementation_cmake/cmake)
[0.326s] -- Found rmw_fastrtps_cpp: 6.2.9 (/opt/ros/humble/share/rmw_fastrtps_cpp/cmake)
[4.424s] -- Using RMW implementation 'rmw_fastrtps_cpp' as default
[4.471s] -- Found DART: /usr/include (Required is at least version "6.6") found components: dart 
[4.491s] -- Found Protobuf: /usr/lib/x86_64-linux-gnu/libprotobuf.so (found version "3.12.4") 
[4.492s] -- Looking for ignition-math6 -- found version 6.15.1
[4.495s] -- Searching for dependencies of ignition-math6
[4.496s] -- Looking for OGRE...
[4.500s] -- Found Ogre Ghadamon (1.9.0)
[4.500s] -- Found OGRE: optimized;/usr/lib/x86_64-linux-gnu/libOgreMain.so;debug;/usr/lib/x86_64-linux-gnu/libOgreMain.so
[4.507s] -- Looking for OGRE_Paging...
[4.507s] -- Found OGRE_Paging: optimized;/usr/lib/x86_64-linux-gnu/libOgrePaging.so;debug;/usr/lib/x86_64-linux-gnu/libOgrePaging.so
[4.507s] -- Looking for OGRE_Terrain...
[4.507s] -- Found OGRE_Terrain: optimized;/usr/lib/x86_64-linux-gnu/libOgreTerrain.so;debug;/usr/lib/x86_64-linux-gnu/libOgreTerrain.so
[4.507s] -- Looking for OGRE_Property...
[4.507s] -- Found OGRE_Property: optimized;/usr/lib/x86_64-linux-gnu/libOgreProperty.so;debug;/usr/lib/x86_64-linux-gnu/libOgreProperty.so
[4.508s] -- Looking for OGRE_RTShaderSystem...
[4.508s] -- Found OGRE_RTShaderSystem: optimized;/usr/lib/x86_64-linux-gnu/libOgreRTShaderSystem.so;debug;/usr/lib/x86_64-linux-gnu/libOgreRTShaderSystem.so
[4.508s] -- Looking for OGRE_Volume...
[4.508s] -- Found OGRE_Volume: optimized;/usr/lib/x86_64-linux-gnu/libOgreVolume.so;debug;/usr/lib/x86_64-linux-gnu/libOgreVolume.so
[4.508s] -- Looking for OGRE_Overlay...
[4.508s] -- Found OGRE_Overlay: optimized;/usr/lib/x86_64-linux-gnu/libOgreOverlay.so;debug;/usr/lib/x86_64-linux-gnu/libOgreOverlay.so
[19.731s] -- Looking for ignition-math6 -- found version 6.15.1
[19.732s] -- Looking for ignition-transport8 -- found version 8.2.1
[19.732s] -- Searching for dependencies of ignition-transport8
[20.655s] -- Found Protobuf: /usr/lib/x86_64-linux-gnu/libprotobuf.so (found suitable version "3.12.4", minimum required is "3") 
[21.574s] -- Config-file not installed for ZeroMQ -- checking for pkg-config
[21.577s] -- Checking for module 'libzmq >= 4'
[21.588s] --   Found libzmq , version 4.3.4
[21.618s] -- Checking for module 'uuid'
[21.626s] --   Found uuid, version 2.37.2
[21.647s] -- Looking for ignition-msgs5 -- found version 5.8.1
[21.647s] -- Searching for dependencies of ignition-msgs5
[22.536s] -- Looking for ignition-math6 -- found version 6.15.1
[22.539s] -- Checking for module 'tinyxml2'
[22.546s] --   Found tinyxml2, version 9.0.0
[22.566s] -- Looking for ignition-msgs5 -- found version 5.8.1
[22.566s] -- Looking for ignition-common3 -- found version 3.14.0
[22.567s] -- Searching for dependencies of ignition-common3
[22.567s] -- Looking for dlfcn.h - found
[22.567s] -- Looking for libdl - found
[22.624s] -- Searching for <ignition-common3> component [graphics]
[22.624s] -- Looking for ignition-common3-graphics -- found version 3.14.0
[22.624s] -- Searching for dependencies of ignition-common3-graphics
[22.625s] -- Looking for ignition-math6 -- found version 6.15.1
[22.625s] -- Looking for ignition-fuel_tools4 -- found version 4.4.0
[22.626s] -- Searching for dependencies of ignition-fuel_tools4
[23.570s] -- Checking for module 'jsoncpp'
[23.577s] --   Found jsoncpp, version 1.9.5
[23.598s] -- Checking for module 'libzip'
[23.607s] --   Found libzip, version 1.7.3
[23.629s] -- Looking for ignition-common3 -- found version 3.14.0
[23.629s] -- Looking for ignition-math6 -- found version 6.15.1
[23.629s] -- Looking for ignition-msgs5 -- found version 5.8.1
[23.630s] -- Gazebo version: 11.10
[23.632s] -- Found ament_lint_auto: 0.12.14 (/opt/ros/humble/share/ament_lint_auto/cmake)
[23.682s] -- Added test 'cppcheck' to perform static code analysis on C / C++ code
[23.682s] -- Configured cppcheck include dirs: $<BUILD_INTERFACE:/home/stc/arm_ws/src/my_package/include>
[23.682s] -- Configured cppcheck exclude dirs and/or files: 
[23.682s] -- Added test 'flake8' to check Python code syntax and style conventions
[23.682s] -- Added test 'lint_cmake' to check CMake code style
[23.683s] -- Added test 'pep257' to check Python code against some of the docstring style conventions in PEP 257
[23.683s] -- Added test 'uncrustify' to check C / C++ code style
[23.683s] -- Configured uncrustify additional arguments: 
[23.684s] -- Added test 'xmllint' to check XML markup files
[23.685s] -- Configuring done
[23.693s] -- Generating done
[23.696s] -- Build files have been written to: /home/stc/arm_ws/build/my_package
[23.716s] [35m[1mConsolidate compiler generated dependencies of target my_node[0m
[23.723s] [ 50%] [32mBuilding CXX object CMakeFiles/my_node.dir/src/my_node.cpp.o[0m
[23.779s] [100%] [32m[1mLinking CXX executable my_node[0m
[23.857s] [100%] Built target my_node
[23.865s] Invoked command in '/home/stc/arm_ws/build/my_package' returned '0': CMAKE_PREFIX_PATH=${CMAKE_PREFIX_PATH}:/opt/ros/humble /usr/bin/cmake --build /home/stc/arm_ws/build/my_package -- -j12 -l12
[23.872s] Invoking command in '/home/stc/arm_ws/build/my_package': CMAKE_PREFIX_PATH=${CMAKE_PREFIX_PATH}:/opt/ros/humble /usr/bin/cmake --install /home/stc/arm_ws/build/my_package
[23.876s] -- Install configuration: ""
[23.876s] -- Execute custom install script
[23.876s] -- Up-to-date symlink: /home/stc/arm_ws/install/my_package/lib/my_package/my_node
[23.877s] -- Up-to-date symlink: /home/stc/arm_ws/install/my_package/share/my_package/launch/rviz.launch.py
[23.877s] -- Symlinking: /home/stc/arm_ws/install/my_package/share/my_package/launch/sim_gazebo.launch.py
[23.882s] -- Up-to-date symlink: /home/stc/arm_ws/install/my_package/share/my_package/launch/sim_rviz.launch.py
[23.882s] -- Up-to-date symlink: /home/stc/arm_ws/install/my_package/share/my_package/urdf/arm.xacro
[23.882s] -- Up-to-date symlink: /home/stc/arm_ws/install/my_package/share/my_package/meshes/actuator_forearm_link.STL
[23.882s] -- Up-to-date symlink: /home/stc/arm_ws/install/my_package/share/my_package/meshes/actuator_humerus_link.STL
[23.883s] -- Up-to-date symlink: /home/stc/arm_ws/install/my_package/share/my_package/meshes/base_link.STL
[23.883s] -- Up-to-date symlink: /home/stc/arm_ws/install/my_package/share/my_package/meshes/bracket_link.STL
[23.883s] -- Up-to-date symlink: /home/stc/arm_ws/install/my_package/share/my_package/meshes/endeffector_link.STL
[23.883s] -- Up-to-date symlink: /home/stc/arm_ws/install/my_package/share/my_package/meshes/forearm_link.STL
[23.883s] -- Up-to-date symlink: /home/stc/arm_ws/install/my_package/share/my_package/meshes/humerus_link.STL
[23.883s] -- Up-to-date symlink: /home/stc/arm_ws/install/my_package/share/my_package/meshes/left_gear_link.STL
[23.883s] -- Up-to-date symlink: /home/stc/arm_ws/install/my_package/share/my_package/meshes/right_gear_link.STL
[23.883s] -- Up-to-date symlink: /home/stc/arm_ws/install/my_package/share/my_package/meshes/shaft_forearm_link.STL
[23.883s] -- Up-to-date symlink: /home/stc/arm_ws/install/my_package/share/my_package/meshes/shaft_humerus_link.STL
[23.883s] -- Up-to-date symlink: /home/stc/arm_ws/install/my_package/share/my_package/meshes/ubracket_link.STL
[23.883s] -- Up-to-date symlink: /home/stc/arm_ws/install/my_package/lib/my_package/keyboard_arduino.py
[23.883s] -- Up-to-date symlink: /home/stc/arm_ws/install/my_package/lib/my_package/arm_keyboard_teleop.py
[23.884s] -- Up-to-date symlink: /home/stc/arm_ws/install/my_package/share/ament_index/resource_index/package_run_dependencies/my_package
[23.884s] -- Up-to-date symlink: /home/stc/arm_ws/install/my_package/share/ament_index/resource_index/parent_prefix_path/my_package
[23.884s] -- Up-to-date symlink: /home/stc/arm_ws/install/my_package/share/my_package/environment/ament_prefix_path.sh
[23.884s] -- Up-to-date symlink: /home/stc/arm_ws/install/my_package/share/my_package/environment/ament_prefix_path.dsv
[23.884s] -- Up-to-date symlink: /home/stc/arm_ws/install/my_package/share/my_package/environment/path.sh
[23.884s] -- Up-to-date symlink: /home/stc/arm_ws/install/my_package/share/my_package/environment/path.dsv
[23.884s] -- Up-to-date symlink: /home/stc/arm_ws/install/my_package/share/my_package/local_setup.bash
[23.884s] -- Up-to-date symlink: /home/stc/arm_ws/install/my_package/share/my_package/local_setup.sh
[23.884s] -- Up-to-date symlink: /home/stc/arm_ws/install/my_package/share/my_package/local_setup.zsh
[23.884s] -- Up-to-date symlink: /home/stc/arm_ws/install/my_package/share/my_package/local_setup.dsv
[23.884s] -- Symlinking: /home/stc/arm_ws/install/my_package/share/my_package/package.dsv
[23.890s] -- Up-to-date symlink: /home/stc/arm_ws/install/my_package/share/ament_index/resource_index/packages/my_package
[23.890s] -- Up-to-date symlink: /home/stc/arm_ws/install/my_package/share/my_package/cmake/my_packageConfig.cmake
[23.891s] -- Up-to-date symlink: /home/stc/arm_ws/install/my_package/share/my_package/cmake/my_packageConfig-version.cmake
[23.891s] -- Up-to-date symlink: /home/stc/arm_ws/install/my_package/share/my_package/package.xml
[23.892s] Invoked command in '/home/stc/arm_ws/build/my_package' returned '0': CMAKE_PREFIX_PATH=${CMAKE_PREFIX_PATH}:/opt/ros/humble /usr/bin/cmake --install /home/stc/arm_ws/build/my_package
