[0.019s] Invoking command in '/home/stc/arm_ws/build/my_package': CMAKE_PREFIX_PATH=${CMAKE_PREFIX_PATH}:/opt/ros/humble /usr/bin/cmake --build /home/stc/arm_ws/build/my_package -- -j12 -l12
[0.099s] [35m[1mConsolidate compiler generated dependencies of target my_node[0m
[0.107s] [100%] Built target my_node
[0.118s] Invoked command in '/home/stc/arm_ws/build/my_package' returned '0': CMAKE_PREFIX_PATH=${CMAKE_PREFIX_PATH}:/opt/ros/humble /usr/bin/cmake --build /home/stc/arm_ws/build/my_package -- -j12 -l12
[0.128s] Invoking command in '/home/stc/arm_ws/build/my_package': CMAKE_PREFIX_PATH=${CMAKE_PREFIX_PATH}:/opt/ros/humble /usr/bin/cmake --install /home/stc/arm_ws/build/my_package
[0.135s] -- Install configuration: ""
[0.136s] -- Execute custom install script
[0.136s] -- Up-to-date symlink: /home/stc/arm_ws/install/my_package/lib/my_package/my_node
[0.137s] -- Up-to-date symlink: /home/stc/arm_ws/install/my_package/share/my_package/launch/rviz.launch.py
[0.137s] -- Up-to-date symlink: /home/stc/arm_ws/install/my_package/share/my_package/launch/sim_gazebo.launch.py
[0.137s] -- Up-to-date symlink: /home/stc/arm_ws/install/my_package/share/my_package/launch/sim_rviz.launch.py
[0.137s] -- Up-to-date symlink: /home/stc/arm_ws/install/my_package/share/my_package/urdf/arm.xacro
[0.138s] -- Up-to-date symlink: /home/stc/arm_ws/install/my_package/share/my_package/meshes/actuator_forearm_link.STL
[0.139s] -- Up-to-date symlink: /home/stc/arm_ws/install/my_package/share/my_package/meshes/actuator_humerus_link.STL
[0.139s] -- Up-to-date symlink: /home/stc/arm_ws/install/my_package/share/my_package/meshes/base_link.STL
[0.139s] -- Up-to-date symlink: /home/stc/arm_ws/install/my_package/share/my_package/meshes/bracket_link.STL
[0.139s] -- Up-to-date symlink: /home/stc/arm_ws/install/my_package/share/my_package/meshes/endeffector_link.STL
[0.139s] -- Up-to-date symlink: /home/stc/arm_ws/install/my_package/share/my_package/meshes/forearm_link.STL
[0.139s] -- Up-to-date symlink: /home/stc/arm_ws/install/my_package/share/my_package/meshes/humerus_link.STL
[0.140s] -- Up-to-date symlink: /home/stc/arm_ws/install/my_package/share/my_package/meshes/left_gear_link.STL
[0.140s] -- Up-to-date symlink: /home/stc/arm_ws/install/my_package/share/my_package/meshes/right_gear_link.STL
[0.140s] -- Up-to-date symlink: /home/stc/arm_ws/install/my_package/share/my_package/meshes/shaft_forearm_link.STL
[0.140s] -- Up-to-date symlink: /home/stc/arm_ws/install/my_package/share/my_package/meshes/shaft_humerus_link.STL
[0.140s] -- Up-to-date symlink: /home/stc/arm_ws/install/my_package/share/my_package/meshes/ubracket_link.STL
[0.140s] -- Up-to-date symlink: /home/stc/arm_ws/install/my_package/lib/my_package/keyboard_arduino.py
[0.141s] -- Up-to-date symlink: /home/stc/arm_ws/install/my_package/lib/my_package/arm_keyboard_teleop.py
[0.141s] -- Up-to-date symlink: /home/stc/arm_ws/install/my_package/share/ament_index/resource_index/package_run_dependencies/my_package
[0.141s] -- Up-to-date symlink: /home/stc/arm_ws/install/my_package/share/ament_index/resource_index/parent_prefix_path/my_package
[0.141s] -- Up-to-date symlink: /home/stc/arm_ws/install/my_package/share/my_package/environment/ament_prefix_path.sh
[0.142s] -- Up-to-date symlink: /home/stc/arm_ws/install/my_package/share/my_package/environment/ament_prefix_path.dsv
[0.142s] -- Up-to-date symlink: /home/stc/arm_ws/install/my_package/share/my_package/environment/path.sh
[0.142s] -- Up-to-date symlink: /home/stc/arm_ws/install/my_package/share/my_package/environment/path.dsv
[0.142s] -- Up-to-date symlink: /home/stc/arm_ws/install/my_package/share/my_package/local_setup.bash
[0.143s] -- Up-to-date symlink: /home/stc/arm_ws/install/my_package/share/my_package/local_setup.sh
[0.143s] -- Up-to-date symlink: /home/stc/arm_ws/install/my_package/share/my_package/local_setup.zsh
[0.143s] -- Up-to-date symlink: /home/stc/arm_ws/install/my_package/share/my_package/local_setup.dsv
[0.143s] -- Symlinking: /home/stc/arm_ws/install/my_package/share/my_package/package.dsv
[0.151s] -- Up-to-date symlink: /home/stc/arm_ws/install/my_package/share/ament_index/resource_index/packages/my_package
[0.151s] -- Up-to-date symlink: /home/stc/arm_ws/install/my_package/share/my_package/cmake/my_packageConfig.cmake
[0.152s] -- Up-to-date symlink: /home/stc/arm_ws/install/my_package/share/my_package/cmake/my_packageConfig-version.cmake
[0.152s] -- Up-to-date symlink: /home/stc/arm_ws/install/my_package/share/my_package/package.xml
[0.154s] Invoked command in '/home/stc/arm_ws/build/my_package' returned '0': CMAKE_PREFIX_PATH=${CMAKE_PREFIX_PATH}:/opt/ros/humble /usr/bin/cmake --install /home/stc/arm_ws/build/my_package
