[0.009s] Invoking command in '/home/stc/arm_ws/build/my_package': CMAKE_PREFIX_PATH=${CMAKE_PREFIX_PATH}:/opt/ros/humble /usr/bin/cmake --build /home/stc/arm_ws/build/my_package -- -j12 -l12
[0.035s] -- Found ament_cmake: 1.3.12 (/opt/ros/humble/share/ament_cmake/cmake)
[0.146s] -- Override CMake install command with custom implementation using symlinks instead of copying resources
[0.170s] -- Found rclpy: 3.3.19 (/opt/ros/humble/share/rclpy/cmake)
[0.172s] -- Found sensor_msgs: 4.9.0 (/opt/ros/humble/share/sensor_msgs/cmake)
[0.380s] -- Found rosidl_generator_c: 3.1.8 (/opt/ros/humble/share/rosidl_generator_c/cmake)
[0.385s] -- Found rosidl_adapter: 3.1.8 (/opt/ros/humble/share/rosidl_adapter/cmake)
[0.395s] -- Found rosidl_generator_cpp: 3.1.8 (/opt/ros/humble/share/rosidl_generator_cpp/cmake)
[0.415s] -- Using all available rosidl_typesupport_c: rosidl_typesupport_fastrtps_c;rosidl_typesupport_introspection_c
[0.435s] -- Using all available rosidl_typesupport_cpp: rosidl_typesupport_fastrtps_cpp;rosidl_typesupport_introspection_cpp
[0.494s] -- Found ament_lint_auto: 0.12.14 (/opt/ros/humble/share/ament_lint_auto/cmake)
[0.556s] -- Added test 'cppcheck' to perform static code analysis on C / C++ code
[0.556s] -- Configured cppcheck include dirs: $<BUILD_INTERFACE:/home/stc/arm_ws/src/my_package/include>
[0.556s] -- Configured cppcheck exclude dirs and/or files: 
[0.557s] -- Added test 'flake8' to check Python code syntax and style conventions
[0.558s] -- Added test 'lint_cmake' to check CMake code style
[0.558s] -- Added test 'pep257' to check Python code against some of the docstring style conventions in PEP 257
[0.559s] -- Added test 'uncrustify' to check C / C++ code style
[0.559s] -- Configured uncrustify additional arguments: 
[0.560s] -- Added test 'xmllint' to check XML markup files
[0.562s] -- Configuring done
[0.570s] -- Generating done
[0.571s] -- Build files have been written to: /home/stc/arm_ws/build/my_package
[0.588s] [35m[1mConsolidate compiler generated dependencies of target my_node[0m
[0.594s] [100%] Built target my_node
[0.601s] Invoked command in '/home/stc/arm_ws/build/my_package' returned '0': CMAKE_PREFIX_PATH=${CMAKE_PREFIX_PATH}:/opt/ros/humble /usr/bin/cmake --build /home/stc/arm_ws/build/my_package -- -j12 -l12
[0.608s] Invoking command in '/home/stc/arm_ws/build/my_package': CMAKE_PREFIX_PATH=${CMAKE_PREFIX_PATH}:/opt/ros/humble /usr/bin/cmake --install /home/stc/arm_ws/build/my_package
[0.612s] -- Install configuration: ""
[0.612s] -- Execute custom install script
[0.613s] -- Up-to-date symlink: /home/stc/arm_ws/install/my_package/lib/my_package/my_node
[0.613s] -- Up-to-date symlink: /home/stc/arm_ws/install/my_package/share/my_package/launch/rviz.launch.py
[0.615s] -- Symlinking: /home/stc/arm_ws/install/my_package/share/my_package/launch/sim_rviz.launch.py
[0.621s] -- Up-to-date symlink: /home/stc/arm_ws/install/my_package/share/my_package/urdf/arm.xacro
[0.621s] -- Up-to-date symlink: /home/stc/arm_ws/install/my_package/share/my_package/meshes/actuator_forearm_link.STL
[0.621s] -- Up-to-date symlink: /home/stc/arm_ws/install/my_package/share/my_package/meshes/actuator_humerus_link.STL
[0.621s] -- Up-to-date symlink: /home/stc/arm_ws/install/my_package/share/my_package/meshes/base_link.STL
[0.621s] -- Up-to-date symlink: /home/stc/arm_ws/install/my_package/share/my_package/meshes/bracket_link.STL
[0.621s] -- Up-to-date symlink: /home/stc/arm_ws/install/my_package/share/my_package/meshes/endeffector_link.STL
[0.621s] -- Up-to-date symlink: /home/stc/arm_ws/install/my_package/share/my_package/meshes/forearm_link.STL
[0.621s] -- Up-to-date symlink: /home/stc/arm_ws/install/my_package/share/my_package/meshes/humerus_link.STL
[0.621s] -- Up-to-date symlink: /home/stc/arm_ws/install/my_package/share/my_package/meshes/left_gear_link.STL
[0.622s] -- Up-to-date symlink: /home/stc/arm_ws/install/my_package/share/my_package/meshes/right_gear_link.STL
[0.622s] -- Up-to-date symlink: /home/stc/arm_ws/install/my_package/share/my_package/meshes/shaft_forearm_link.STL
[0.622s] -- Up-to-date symlink: /home/stc/arm_ws/install/my_package/share/my_package/meshes/shaft_humerus_link.STL
[0.622s] -- Up-to-date symlink: /home/stc/arm_ws/install/my_package/share/my_package/meshes/ubracket_link.STL
[0.622s] -- Symlinking: /home/stc/arm_ws/install/my_package/lib/my_package/keyboard_arduino.py
[0.628s] -- Symlinking: /home/stc/arm_ws/install/my_package/lib/my_package/arm_keyboard_teleop.py
[0.634s] -- Up-to-date symlink: /home/stc/arm_ws/install/my_package/share/ament_index/resource_index/package_run_dependencies/my_package
[0.635s] -- Up-to-date symlink: /home/stc/arm_ws/install/my_package/share/ament_index/resource_index/parent_prefix_path/my_package
[0.635s] -- Up-to-date symlink: /home/stc/arm_ws/install/my_package/share/my_package/environment/ament_prefix_path.sh
[0.635s] -- Up-to-date symlink: /home/stc/arm_ws/install/my_package/share/my_package/environment/ament_prefix_path.dsv
[0.635s] -- Up-to-date symlink: /home/stc/arm_ws/install/my_package/share/my_package/environment/path.sh
[0.635s] -- Up-to-date symlink: /home/stc/arm_ws/install/my_package/share/my_package/environment/path.dsv
[0.635s] -- Up-to-date symlink: /home/stc/arm_ws/install/my_package/share/my_package/local_setup.bash
[0.635s] -- Up-to-date symlink: /home/stc/arm_ws/install/my_package/share/my_package/local_setup.sh
[0.635s] -- Up-to-date symlink: /home/stc/arm_ws/install/my_package/share/my_package/local_setup.zsh
[0.635s] -- Up-to-date symlink: /home/stc/arm_ws/install/my_package/share/my_package/local_setup.dsv
[0.635s] -- Symlinking: /home/stc/arm_ws/install/my_package/share/my_package/package.dsv
[0.642s] -- Up-to-date symlink: /home/stc/arm_ws/install/my_package/share/ament_index/resource_index/packages/my_package
[0.642s] -- Up-to-date symlink: /home/stc/arm_ws/install/my_package/share/my_package/cmake/my_packageConfig.cmake
[0.642s] -- Up-to-date symlink: /home/stc/arm_ws/install/my_package/share/my_package/cmake/my_packageConfig-version.cmake
[0.642s] -- Up-to-date symlink: /home/stc/arm_ws/install/my_package/share/my_package/package.xml
[0.644s] Invoked command in '/home/stc/arm_ws/build/my_package' returned '0': CMAKE_PREFIX_PATH=${CMAKE_PREFIX_PATH}:/opt/ros/humble /usr/bin/cmake --install /home/stc/arm_ws/build/my_package
