[0.017s] Invoking command in '/home/stc/arm_ws/build/my_package': CMAKE_PREFIX_PATH=/opt/ros/humble /usr/bin/cmake --build /home/stc/arm_ws/build/my_package -- -j12 -l12
[0.065s] -- Found ament_cmake: 1.3.12 (/opt/ros/humble/share/ament_cmake/cmake)
[0.175s] -- Override CMake install command with custom implementation using symlinks instead of copying resources
[0.195s] -- Found ament_lint_auto: 0.12.14 (/opt/ros/humble/share/ament_lint_auto/cmake)
[0.271s] -- Added test 'cppcheck' to perform static code analysis on C / C++ code
[0.271s] -- Configured cppcheck include dirs: $<BUILD_INTERFACE:/home/stc/arm_ws/src/my_package/include>
[0.271s] -- Configured cppcheck exclude dirs and/or files: 
[0.271s] -- Added test 'flake8' to check Python code syntax and style conventions
[0.273s] -- Added test 'lint_cmake' to check CMake code style
[0.273s] -- Added test 'pep257' to check Python code against some of the docstring style conventions in PEP 257
[0.275s] -- Added test 'uncrustify' to check C / C++ code style
[0.275s] -- Configured uncrustify additional arguments: 
[0.275s] -- Added test 'xmllint' to check XML markup files
[0.279s] -- Configuring done
[0.289s] -- Generating done
[0.290s] -- Build files have been written to: /home/stc/arm_ws/build/my_package
[0.310s] [35m[1mConsolidate compiler generated dependencies of target my_node[0m
[0.319s] [100%] Built target my_node
[0.327s] Invoked command in '/home/stc/arm_ws/build/my_package' returned '0': CMAKE_PREFIX_PATH=/opt/ros/humble /usr/bin/cmake --build /home/stc/arm_ws/build/my_package -- -j12 -l12
[0.336s] Invoking command in '/home/stc/arm_ws/build/my_package': CMAKE_PREFIX_PATH=/opt/ros/humble /usr/bin/cmake --install /home/stc/arm_ws/build/my_package
[0.341s] -- Install configuration: ""
[0.341s] -- Execute custom install script
[0.341s] -- Up-to-date symlink: /home/stc/arm_ws/install/my_package/lib/my_package/my_node
[0.341s] -- Symlinking: /home/stc/arm_ws/install/my_package/share/my_package/launch/rviz.launch.py
[0.348s] -- Symlinking: /home/stc/arm_ws/install/my_package/share/my_package/urdf/arm.xacro
[0.353s] -- Symlinking: /home/stc/arm_ws/install/my_package/share/my_package/meshes/actuator_forearm_link.STL
[0.360s] -- Symlinking: /home/stc/arm_ws/install/my_package/share/my_package/meshes/actuator_humerus_link.STL
[0.366s] -- Symlinking: /home/stc/arm_ws/install/my_package/share/my_package/meshes/base_link.STL
[0.371s] -- Symlinking: /home/stc/arm_ws/install/my_package/share/my_package/meshes/bracket_link.STL
[0.377s] -- Symlinking: /home/stc/arm_ws/install/my_package/share/my_package/meshes/endeffector_link.STL
[0.382s] -- Symlinking: /home/stc/arm_ws/install/my_package/share/my_package/meshes/forearm_link.STL
[0.387s] -- Symlinking: /home/stc/arm_ws/install/my_package/share/my_package/meshes/humerus_link.STL
[0.393s] -- Symlinking: /home/stc/arm_ws/install/my_package/share/my_package/meshes/left_gear_link.STL
[0.400s] -- Symlinking: /home/stc/arm_ws/install/my_package/share/my_package/meshes/right_gear_link.STL
[0.406s] -- Symlinking: /home/stc/arm_ws/install/my_package/share/my_package/meshes/shaft_forearm_link.STL
[0.413s] -- Symlinking: /home/stc/arm_ws/install/my_package/share/my_package/meshes/shaft_humerus_link.STL
[0.422s] -- Symlinking: /home/stc/arm_ws/install/my_package/share/my_package/meshes/ubracket_link.STL
[0.430s] -- Up-to-date symlink: /home/stc/arm_ws/install/my_package/share/ament_index/resource_index/package_run_dependencies/my_package
[0.430s] -- Up-to-date symlink: /home/stc/arm_ws/install/my_package/share/ament_index/resource_index/parent_prefix_path/my_package
[0.431s] -- Up-to-date symlink: /home/stc/arm_ws/install/my_package/share/my_package/environment/ament_prefix_path.sh
[0.431s] -- Up-to-date symlink: /home/stc/arm_ws/install/my_package/share/my_package/environment/ament_prefix_path.dsv
[0.431s] -- Up-to-date symlink: /home/stc/arm_ws/install/my_package/share/my_package/environment/path.sh
[0.431s] -- Up-to-date symlink: /home/stc/arm_ws/install/my_package/share/my_package/environment/path.dsv
[0.431s] -- Up-to-date symlink: /home/stc/arm_ws/install/my_package/share/my_package/local_setup.bash
[0.431s] -- Up-to-date symlink: /home/stc/arm_ws/install/my_package/share/my_package/local_setup.sh
[0.431s] -- Up-to-date symlink: /home/stc/arm_ws/install/my_package/share/my_package/local_setup.zsh
[0.431s] -- Up-to-date symlink: /home/stc/arm_ws/install/my_package/share/my_package/local_setup.dsv
[0.431s] -- Symlinking: /home/stc/arm_ws/install/my_package/share/my_package/package.dsv
[0.438s] -- Up-to-date symlink: /home/stc/arm_ws/install/my_package/share/ament_index/resource_index/packages/my_package
[0.438s] -- Up-to-date symlink: /home/stc/arm_ws/install/my_package/share/my_package/cmake/my_packageConfig.cmake
[0.438s] -- Up-to-date symlink: /home/stc/arm_ws/install/my_package/share/my_package/cmake/my_packageConfig-version.cmake
[0.438s] -- Up-to-date symlink: /home/stc/arm_ws/install/my_package/share/my_package/package.xml
[0.440s] Invoked command in '/home/stc/arm_ws/build/my_package' returned '0': CMAKE_PREFIX_PATH=/opt/ros/humble /usr/bin/cmake --install /home/stc/arm_ws/build/my_package
