[0.009s] Invoking command in '/home/stc/arm_ws/build/my_package': CMAKE_PREFIX_PATH=${CMAKE_PREFIX_PATH}:/opt/ros/humble /usr/bin/cmake --build /home/stc/arm_ws/build/my_package -- -j12 -l12
[0.045s] [100%] Built target my_node
[0.054s] Invoked command in '/home/stc/arm_ws/build/my_package' returned '0': CMAKE_PREFIX_PATH=${CMAKE_PREFIX_PATH}:/opt/ros/humble /usr/bin/cmake --build /home/stc/arm_ws/build/my_package -- -j12 -l12
[0.062s] Invoking command in '/home/stc/arm_ws/build/my_package': CMAKE_PREFIX_PATH=${CMAKE_PREFIX_PATH}:/opt/ros/humble /usr/bin/cmake --install /home/stc/arm_ws/build/my_package
[0.067s] -- Install configuration: ""
[0.067s] -- Execute custom install script
[0.067s] -- Up-to-date symlink: /home/stc/arm_ws/install/my_package/lib/my_package/my_node
[0.068s] -- Up-to-date symlink: /home/stc/arm_ws/install/my_package/share/my_package/launch/rviz.launch.py
[0.068s] -- Up-to-date symlink: /home/stc/arm_ws/install/my_package/share/my_package/urdf/arm.xacro
[0.069s] -- Up-to-date symlink: /home/stc/arm_ws/install/my_package/share/my_package/meshes/actuator_forearm_link.STL
[0.069s] -- Up-to-date symlink: /home/stc/arm_ws/install/my_package/share/my_package/meshes/actuator_humerus_link.STL
[0.069s] -- Up-to-date symlink: /home/stc/arm_ws/install/my_package/share/my_package/meshes/base_link.STL
[0.069s] -- Up-to-date symlink: /home/stc/arm_ws/install/my_package/share/my_package/meshes/bracket_link.STL
[0.069s] -- Up-to-date symlink: /home/stc/arm_ws/install/my_package/share/my_package/meshes/endeffector_link.STL
[0.069s] -- Up-to-date symlink: /home/stc/arm_ws/install/my_package/share/my_package/meshes/forearm_link.STL
[0.069s] -- Up-to-date symlink: /home/stc/arm_ws/install/my_package/share/my_package/meshes/humerus_link.STL
[0.069s] -- Up-to-date symlink: /home/stc/arm_ws/install/my_package/share/my_package/meshes/left_gear_link.STL
[0.070s] -- Up-to-date symlink: /home/stc/arm_ws/install/my_package/share/my_package/meshes/right_gear_link.STL
[0.070s] -- Up-to-date symlink: /home/stc/arm_ws/install/my_package/share/my_package/meshes/shaft_forearm_link.STL
[0.070s] -- Up-to-date symlink: /home/stc/arm_ws/install/my_package/share/my_package/meshes/shaft_humerus_link.STL
[0.070s] -- Up-to-date symlink: /home/stc/arm_ws/install/my_package/share/my_package/meshes/ubracket_link.STL
[0.070s] -- Up-to-date symlink: /home/stc/arm_ws/install/my_package/share/ament_index/resource_index/package_run_dependencies/my_package
[0.070s] -- Up-to-date symlink: /home/stc/arm_ws/install/my_package/share/ament_index/resource_index/parent_prefix_path/my_package
[0.070s] -- Up-to-date symlink: /home/stc/arm_ws/install/my_package/share/my_package/environment/ament_prefix_path.sh
[0.070s] -- Up-to-date symlink: /home/stc/arm_ws/install/my_package/share/my_package/environment/ament_prefix_path.dsv
[0.071s] -- Up-to-date symlink: /home/stc/arm_ws/install/my_package/share/my_package/environment/path.sh
[0.071s] -- Up-to-date symlink: /home/stc/arm_ws/install/my_package/share/my_package/environment/path.dsv
[0.071s] -- Up-to-date symlink: /home/stc/arm_ws/install/my_package/share/my_package/local_setup.bash
[0.071s] -- Up-to-date symlink: /home/stc/arm_ws/install/my_package/share/my_package/local_setup.sh
[0.071s] -- Up-to-date symlink: /home/stc/arm_ws/install/my_package/share/my_package/local_setup.zsh
[0.071s] -- Up-to-date symlink: /home/stc/arm_ws/install/my_package/share/my_package/local_setup.dsv
[0.071s] -- Symlinking: /home/stc/arm_ws/install/my_package/share/my_package/package.dsv
[0.078s] -- Up-to-date symlink: /home/stc/arm_ws/install/my_package/share/ament_index/resource_index/packages/my_package
[0.078s] -- Up-to-date symlink: /home/stc/arm_ws/install/my_package/share/my_package/cmake/my_packageConfig.cmake
[0.078s] -- Up-to-date symlink: /home/stc/arm_ws/install/my_package/share/my_package/cmake/my_packageConfig-version.cmake
[0.078s] -- Up-to-date symlink: /home/stc/arm_ws/install/my_package/share/my_package/package.xml
[0.080s] Invoked command in '/home/stc/arm_ws/build/my_package' returned '0': CMAKE_PREFIX_PATH=${CMAKE_PREFIX_PATH}:/opt/ros/humble /usr/bin/cmake --install /home/stc/arm_ws/build/my_package
